#
# A fatal error has been detected by the Java Runtime Environment:
#
#  Internal Error (javaCalls.cpp:51), pid=29049, tid=0x00007f0bf53ff700
#  guarantee(thread->is_Java_thread()) failed: crucial check - the VM thread cannot and must not escape to Java code
#
# JRE version: Java(TM) SE Runtime Environment (8.0_191-b12) (build 1.8.0_191-b12)
# Java VM: Java HotSpot(TM) 64-Bit Server VM (25.191-b12 mixed mode linux-amd64 compressed oops)
# Failed to write core dump. Core dumps have been disabled. To enable core dumping, try "ulimit -c unlimited" before starting Java again
#
# If you would like to submit a bug report, please visit:
#   http://bugreport.java.com/bugreport/crash.jsp
#

---------------  T H R E A D  ---------------

Current thread (0x00007f0c08146800):  VMThread [stack: 0x00007f0bf5300000,0x00007f0bf5400000] [id=29060]

Stack: [0x00007f0bf5300000,0x00007f0bf5400000],  sp=0x00007f0bf53fd2f0,  free space=1012k
Native frames: (J=compiled Java code, j=interpreted, Vv=VM code, C=native code)
V  [libjvm.so+0xace425]  VMError::report_and_die()+0x2c5
V  [libjvm.so+0x4dea88]  report_vm_error(char const*, int, char const*, char const*)+0x58
V  [libjvm.so+0x682560]  JavaCallWrapper::JavaCallWrapper(methodHandle, Handle, JavaValue*, Thread*)+0x240
V  [libjvm.so+0x684df0]  JavaCalls::call_helper(JavaValue*, methodHandle*, JavaCallArguments*, Thread*)+0x8f0
V  [libjvm.so+0x683463]  JavaCalls::call_special(JavaValue*, KlassHandle, Symbol*, Symbol*, JavaCallArguments*, Thread*)+0x223
V  [libjvm.so+0x56dd76]  Exceptions::new_exception(Thread*, Symbol*, char const*, Handle, Handle, Handle, Exceptions::ExceptionMsgToUtf8Mode)+0x3d6
V  [libjvm.so+0x56e4b5]  Exceptions::new_exception(Thread*, Symbol*, char const*, Exceptions::ExceptionMsgToUtf8Mode)+0x65
V  [libjvm.so+0x5dda54]  GenerateOopMap::verify_error(char const*, ...)+0x84
V  [libjvm.so+0x5dfbba]  GenerateOopMap::do_method(int, int, int, int)+0x19a
V  [libjvm.so+0x5e0c0f]  GenerateOopMap::interp_bb(BasicBlock*)+0x16f
V  [libjvm.so+0x5e471d]  GenerateOopMap::do_interpretation()+0xbd
V  [libjvm.so+0x5e4afb]  GenerateOopMap::compute_map(Thread*)+0x29b
V  [libjvm.so+0x8fb4bf]  OopMapForCacheEntry::compute_map(Thread*)+0x8f
V  [libjvm.so+0x8fd1c8]  OopMapCacheEntry::fill(methodHandle, int)+0x2a8
V  [libjvm.so+0x8fe147]  OopMapCache::compute_one_oop_map(methodHandle, int, InterpreterOopMap*)+0x127
V  [libjvm.so+0x8fe9d6]  OopMapCache::lookup(methodHandle, int, InterpreterOopMap*) const+0x5c6
V  [libjvm.so+0x6406d3]  InstanceKlass::mask_for(methodHandle, int, InterpreterOopMap*)+0x83
V  [libjvm.so+0x8911b1]  Method::mask_for(int, InterpreterOopMap*)+0xb1
V  [libjvm.so+0x77d5aa]  VM_GetOrSetLocal::doit()+0x4a
V  [libjvm.so+0xad50f6]  VM_Operation::evaluate()+0x46
V  [libjvm.so+0xad347d]  VMThread::evaluate_operation(VM_Operation*) [clone .constprop.44]+0xcd
V  [libjvm.so+0xad3a3b]  VMThread::loop()+0x37b
V  [libjvm.so+0xad3de8]  VMThread::run()+0x78
V  [libjvm.so+0x909c92]  java_start(Thread*)+0x102

VM_Operation (0x00007f0bf4df59a0): GetOrSetLocal, mode: safepoint, requested by thread 0x00007f0c08192000


---------------  P R O C E S S  ---------------

Java Threads: ( => current thread )
  0x00007f0c08011800 JavaThread "DestroyJavaVM" [_thread_blocked, id=29054, stack(0x00007f0c0cb05000,0x00007f0c0cc05000)]
  0x00007f0c093a3000 JavaThread "http-nio-8080-Acceptor" daemon [_thread_in_native, id=29107, stack(0x00007f0b7ebf4000,0x00007f0b7ecf5000)]
  0x00007f0c093a1800 JavaThread "http-nio-8080-ClientPoller" daemon [_thread_in_native, id=29106, stack(0x00007f0b7ecf5000,0x00007f0b7edf6000)]
  0x00007f0c0939e800 JavaThread "http-nio-8080-exec-10" daemon [_thread_blocked, id=29105, stack(0x00007f0b7edf6000,0x00007f0b7eef7000)]
  0x00007f0c0939c800 JavaThread "http-nio-8080-exec-9" daemon [_thread_blocked, id=29104, stack(0x00007f0b7eef7000,0x00007f0b7eff8000)]
  0x00007f0c0939a800 JavaThread "http-nio-8080-exec-8" daemon [_thread_blocked, id=29103, stack(0x00007f0b7eff8000,0x00007f0b7f0f9000)]
  0x00007f0c09398800 JavaThread "http-nio-8080-exec-7" daemon [_thread_blocked, id=29102, stack(0x00007f0b7f0f9000,0x00007f0b7f1fa000)]
  0x00007f0c09396800 JavaThread "http-nio-8080-exec-6" daemon [_thread_blocked, id=29101, stack(0x00007f0b7f1fa000,0x00007f0b7f2fb000)]
  0x00007f0c09394800 JavaThread "http-nio-8080-exec-5" daemon [_thread_blocked, id=29100, stack(0x00007f0b7f2fb000,0x00007f0b7f3fc000)]
  0x00007f0c09393000 JavaThread "http-nio-8080-exec-4" daemon [_thread_blocked, id=29099, stack(0x00007f0b7f3fc000,0x00007f0b7f4fd000)]
  0x00007f0c09391000 JavaThread "http-nio-8080-exec-3" daemon [_thread_blocked, id=29098, stack(0x00007f0b7f4fd000,0x00007f0b7f5fe000)]
  0x00007f0c0938f800 JavaThread "http-nio-8080-exec-2" daemon [_thread_blocked, id=29097, stack(0x00007f0b7f5fe000,0x00007f0b7f6ff000)]
  0x00007f0c0938e800 JavaThread "http-nio-8080-exec-1" daemon [_thread_blocked, id=29096, stack(0x00007f0b7f6ff000,0x00007f0b7f800000)]
  0x00007f0c0938a000 JavaThread "http-nio-8080-BlockPoller" daemon [_thread_in_native, id=29095, stack(0x00007f0be408a000,0x00007f0be418b000)]
  0x00007f0c0924b000 JavaThread "HikariPool-1 housekeeper" daemon [_thread_blocked, id=29089, stack(0x00007f0be458d000,0x00007f0be468e000)]
  0x00007f0c0908f800 JavaThread "mysql-cj-abandoned-connection-cleanup" daemon [_thread_blocked, id=29088, stack(0x00007f0be4ae6000,0x00007f0be4be7000)]
  0x00007f0c0907b800 JavaThread "container-0" [_thread_blocked, id=29087, stack(0x00007f0be4de7000,0x00007f0be4ee8000)]
  0x00007f0b9c184800 JavaThread "Catalina-utility-2" [_thread_blocked, id=29086, stack(0x00007f0be4ee8000,0x00007f0be4fe9000)]
  0x00007f0c09077000 JavaThread "Catalina-utility-1" [_thread_blocked, id=29085, stack(0x00007f0be5be9000,0x00007f0be5cea000)]
  0x00007f0bc8001000 JavaThread "Attach Listener" daemon [_thread_blocked, id=29080, stack(0x00007f0be60ea000,0x00007f0be61eb000)]
  0x00007f0c086d9000 JavaThread "RMI TCP Accept-0" daemon [_thread_in_native, id=29077, stack(0x00007f0be62ec000,0x00007f0be63ed000)]
  0x00007f0c0868e800 JavaThread "RMI TCP Accept-45941" daemon [_thread_in_native, id=29076, stack(0x00007f0bf4000000,0x00007f0bf4101000)]
  0x00007f0c0867c800 JavaThread "RMI TCP Accept-0" daemon [_thread_in_native, id=29075, stack(0x00007f0bf4101000,0x00007f0bf4202000)]
  0x00007f0c08551800 JavaThread "Service Thread" daemon [_thread_blocked, id=29074, stack(0x00007f0bf440c000,0x00007f0bf450d000)]
  0x00007f0c08544000 JavaThread "C1 CompilerThread2" daemon [_thread_blocked, id=29073, stack(0x00007f0bf450e000,0x00007f0bf460e000)]
  0x00007f0c08542000 JavaThread "C2 CompilerThread1" daemon [_thread_blocked, id=29072, stack(0x00007f0bf460f000,0x00007f0bf470f000)]
  0x00007f0c08540800 JavaThread "C2 CompilerThread0" daemon [_thread_blocked, id=29071, stack(0x00007f0bf4710000,0x00007f0bf4810000)]
  0x00007f0bcc001000 JavaThread "JDWP Command Reader" daemon [_thread_in_native, id=29067, stack(0x00007f0bf4af4000,0x00007f0bf4bf5000)]
  0x00007f0c08195800 JavaThread "JDWP Event Helper Thread" daemon [_thread_blocked, id=29066, stack(0x00007f0bf4bf5000,0x00007f0bf4cf6000)]
  0x00007f0c08192000 JavaThread "JDWP Transport Listener: dt_socket" daemon [_thread_blocked, id=29065, stack(0x00007f0bf4cf6000,0x00007f0bf4df7000)]
  0x00007f0c08184000 JavaThread "Signal Dispatcher" daemon [_thread_blocked, id=29063, stack(0x00007f0bf4ffc000,0x00007f0bf50fd000)]
  0x00007f0c08152800 JavaThread "Finalizer" daemon [_thread_blocked, id=29062, stack(0x00007f0bf50fd000,0x00007f0bf51fe000)]
  0x00007f0c08150000 JavaThread "Reference Handler" daemon [_thread_blocked, id=29061, stack(0x00007f0bf51fe000,0x00007f0bf52ff000)]

Other Threads:
=>0x00007f0c08146800 VMThread [stack: 0x00007f0bf5300000,0x00007f0bf5400000] [id=29060]
  0x00007f0c086dd800 WatcherThread [stack: 0x00007f0be61ec000,0x00007f0be62ec000] [id=29078]

VM state:at safepoint (normal execution)

VM Mutex/Monitor currently owned by a thread:  ([mutex/lock_event])
[0x00007f0c0800b8b0] Threads_lock - owner thread: 0x00007f0c08146800

Heap:
 PSYoungGen      total 425472K, used 29413K [0x00000000d7180000, 0x00000000f2880000, 0x0000000100000000)
  eden space 408576K, 7% used [0x00000000d7180000,0x00000000d8e39500,0x00000000f0080000)
  from space 16896K, 0% used [0x00000000f1100000,0x00000000f1100000,0x00000000f2180000)
  to   space 16896K, 0% used [0x00000000f0080000,0x00000000f0080000,0x00000000f1100000)
 ParOldGen       total 102400K, used 29244K [0x0000000085400000, 0x000000008b800000, 0x00000000d7180000)
  object space 102400K, 28% used [0x0000000085400000,0x000000008708f3d8,0x000000008b800000)
 Metaspace       used 55883K, capacity 59430K, committed 59480K, reserved 1101824K
  class space    used 7446K, capacity 8023K, committed 8064K, reserved 1048576K

Card table byte_map: [0x00007f0bf7872000,0x00007f0bf7c49000] byte_map_base: 0x00007f0bf7448000

Marking Bits: (ParMarkBitMap*) 0x00007f0c0dd19d40
 Begin Bits: [0x00007f0bec2a0000, 0x00007f0bee150000)
 End Bits:   [0x00007f0bee150000, 0x00007f0bf0000000)

Polling page: 0x00007f0c0e17b000

CodeCache: size=245760Kb used=12939Kb max_used=12939Kb free=232821Kb
 bounds [0x00007f0bf8009000, 0x00007f0bf8cb9000, 0x00007f0c07009000]
 total_blobs=7210 nmethods=6661 adapters=469
 compilation: enabled

Compilation events (10 events):
Event: 386,330 Thread 0x00007f0c08544000 6718       1       org.apache.tomcat.util.net.NioEndpoint::access$200 (5 bytes)
Event: 386,330 Thread 0x00007f0c08544000 nmethod 6718 0x00007f0bf8caba90 code [0x00007f0bf8cabbe0, 0x00007f0bf8cabcd0]
Event: 422,771 Thread 0x00007f0c08544000 6719       1       java.util.EventObject::getSource (5 bytes)
Event: 422,771 Thread 0x00007f0c08544000 nmethod 6719 0x00007f0bf8cabd50 code [0x00007f0bf8cabea0, 0x00007f0bf8cabfb0]
Event: 432,771 Thread 0x00007f0c08544000 6720       1       org.apache.catalina.core.ContainerBase::getBackgroundProcessorDelay (5 bytes)
Event: 432,772 Thread 0x00007f0c08544000 nmethod 6720 0x00007f0bf8cac010 code [0x00007f0bf8cac160, 0x00007f0bf8cac270]
Event: 432,772 Thread 0x00007f0c08544000 6721       1       org.apache.catalina.webresources.CachedResource::getNextCheck (5 bytes)
Event: 432,772 Thread 0x00007f0c08544000 nmethod 6721 0x00007f0bf8cac2d0 code [0x00007f0bf8cac420, 0x00007f0bf8cac530]
Event: 432,772 Thread 0x00007f0c08544000 6722       1       org.apache.catalina.valves.ValveBase::backgroundProcess (1 bytes)
Event: 432,772 Thread 0x00007f0c08544000 nmethod 6722 0x00007f0bf8cac590 code [0x00007f0bf8cac6e0, 0x00007f0bf8cac7f0]

GC Heap History (10 events):
Event: 3,201 GC heap before
{Heap before GC invocations=11 (full 2):
 PSYoungGen      total 238080K, used 11251K [0x00000000d7180000, 0x00000000ec980000, 0x0000000100000000)
  eden space 226816K, 0% used [0x00000000d7180000,0x00000000d7180000,0x00000000e4f00000)
  from space 11264K, 99% used [0x00000000e4f00000,0x00000000e59fcd48,0x00000000e5a00000)
  to   space 12800K, 0% used [0x00000000ebd00000,0x00000000ebd00000,0x00000000ec980000)
 ParOldGen       total 46592K, used 8246K [0x0000000085400000, 0x0000000088180000, 0x00000000d7180000)
  object space 46592K, 17% used [0x0000000085400000,0x0000000085c0daf0,0x0000000088180000)
 Metaspace       used 33318K, capacity 35374K, committed 35416K, reserved 1079296K
  class space    used 4325K, capacity 4713K, committed 4736K, reserved 1048576K
Event: 3,270 GC heap after
Heap after GC invocations=11 (full 2):
 PSYoungGen      total 238080K, used 0K [0x00000000d7180000, 0x00000000ec980000, 0x0000000100000000)
  eden space 226816K, 0% used [0x00000000d7180000,0x00000000d7180000,0x00000000e4f00000)
  from space 11264K, 0% used [0x00000000e4f00000,0x00000000e4f00000,0x00000000e5a00000)
  to   space 12800K, 0% used [0x00000000ebd00000,0x00000000ebd00000,0x00000000ec980000)
 ParOldGen       total 71168K, used 17672K [0x0000000085400000, 0x0000000089980000, 0x00000000d7180000)
  object space 71168K, 24% used [0x0000000085400000,0x0000000086542350,0x0000000089980000)
 Metaspace       used 33318K, capacity 35374K, committed 35416K, reserved 1079296K
  class space    used 4325K, capacity 4713K, committed 4736K, reserved 1048576K
}
Event: 4,089 GC heap before
{Heap before GC invocations=12 (full 2):
 PSYoungGen      total 238080K, used 226816K [0x00000000d7180000, 0x00000000ec980000, 0x0000000100000000)
  eden space 226816K, 100% used [0x00000000d7180000,0x00000000e4f00000,0x00000000e4f00000)
  from space 11264K, 0% used [0x00000000e4f00000,0x00000000e4f00000,0x00000000e5a00000)
  to   space 12800K, 0% used [0x00000000ebd00000,0x00000000ebd00000,0x00000000ec980000)
 ParOldGen       total 71168K, used 17672K [0x0000000085400000, 0x0000000089980000, 0x00000000d7180000)
  object space 71168K, 24% used [0x0000000085400000,0x0000000086542350,0x0000000089980000)
 Metaspace       used 44424K, capacity 47018K, committed 47320K, reserved 1089536K
  class space    used 5847K, capacity 6315K, committed 6400K, reserved 1048576K
Event: 4,104 GC heap after
Heap after GC invocations=12 (full 2):
 PSYoungGen      total 320512K, used 12771K [0x00000000d7180000, 0x00000000ec980000, 0x0000000100000000)
  eden space 307712K, 0% used [0x00000000d7180000,0x00000000d7180000,0x00000000e9e00000)
  from space 12800K, 99% used [0x00000000ebd00000,0x00000000ec978f38,0x00000000ec980000)
  to   space 15360K, 0% used [0x00000000eab80000,0x00000000eab80000,0x00000000eba80000)
 ParOldGen       total 71168K, used 20379K [0x0000000085400000, 0x0000000089980000, 0x00000000d7180000)
  object space 71168K, 28% used [0x0000000085400000,0x00000000867e6d68,0x0000000089980000)
 Metaspace       used 44424K, capacity 47018K, committed 47320K, reserved 1089536K
  class space    used 5847K, capacity 6315K, committed 6400K, reserved 1048576K
}
Event: 5,420 GC heap before
{Heap before GC invocations=13 (full 2):
 PSYoungGen      total 320512K, used 320483K [0x00000000d7180000, 0x00000000ec980000, 0x0000000100000000)
  eden space 307712K, 100% used [0x00000000d7180000,0x00000000e9e00000,0x00000000e9e00000)
  from space 12800K, 99% used [0x00000000ebd00000,0x00000000ec978f38,0x00000000ec980000)
  to   space 15360K, 0% used [0x00000000eab80000,0x00000000eab80000,0x00000000eba80000)
 ParOldGen       total 71168K, used 20379K [0x0000000085400000, 0x0000000089980000, 0x00000000d7180000)
  object space 71168K, 28% used [0x0000000085400000,0x00000000867e6d68,0x0000000089980000)
 Metaspace       used 53766K, capacity 57126K, committed 57432K, reserved 1099776K
  class space    used 7190K, capacity 7757K, committed 7808K, reserved 1048576K
Event: 5,438 GC heap after
Heap after GC invocations=13 (full 2):
 PSYoungGen      total 336896K, used 13704K [0x00000000d7180000, 0x00000000f2180000, 0x0000000100000000)
  eden space 321536K, 0% used [0x00000000d7180000,0x00000000d7180000,0x00000000eab80000)
  from space 15360K, 89% used [0x00000000eab80000,0x00000000eb8e22c8,0x00000000eba80000)
  to   space 16896K, 0% used [0x00000000f1100000,0x00000000f1100000,0x00000000f2180000)
 ParOldGen       total 71168K, used 27481K [0x0000000085400000, 0x0000000089980000, 0x00000000d7180000)
  object space 71168K, 38% used [0x0000000085400000,0x0000000086ed65b8,0x0000000089980000)
 Metaspace       used 53766K, capacity 57126K, committed 57432K, reserved 1099776K
  class space    used 7190K, capacity 7757K, committed 7808K, reserved 1048576K
}
Event: 7,999 GC heap before
{Heap before GC invocations=14 (full 2):
 PSYoungGen      total 336896K, used 167037K [0x00000000d7180000, 0x00000000f2180000, 0x0000000100000000)
  eden space 321536K, 47% used [0x00000000d7180000,0x00000000e073d1c8,0x00000000eab80000)
  from space 15360K, 89% used [0x00000000eab80000,0x00000000eb8e22c8,0x00000000eba80000)
  to   space 16896K, 0% used [0x00000000f1100000,0x00000000f1100000,0x00000000f2180000)
 ParOldGen       total 71168K, used 27481K [0x0000000085400000, 0x0000000089980000, 0x00000000d7180000)
  object space 71168K, 38% used [0x0000000085400000,0x0000000086ed65b8,0x0000000089980000)
 Metaspace       used 55369K, capacity 58818K, committed 58968K, reserved 1099776K
  class space    used 7346K, capacity 7939K, committed 8064K, reserved 1048576K
Event: 8,016 GC heap after
Heap after GC invocations=14 (full 2):
 PSYoungGen      total 425472K, used 3672K [0x00000000d7180000, 0x00000000f2880000, 0x0000000100000000)
  eden space 408576K, 0% used [0x00000000d7180000,0x00000000d7180000,0x00000000f0080000)
  from space 16896K, 21% used [0x00000000f1100000,0x00000000f14960f8,0x00000000f2180000)
  to   space 16896K, 0% used [0x00000000f0080000,0x00000000f0080000,0x00000000f1100000)
 ParOldGen       total 71168K, used 33748K [0x0000000085400000, 0x0000000089980000, 0x00000000d7180000)
  object space 71168K, 47% used [0x0000000085400000,0x00000000874f51b0,0x0000000089980000)
 Metaspace       used 55369K, capacity 58818K, committed 58968K, reserved 1099776K
  class space    used 7346K, capacity 7939K, committed 8064K, reserved 1048576K
}
Event: 8,016 GC heap before
{Heap before GC invocations=15 (full 3):
 PSYoungGen      total 425472K, used 3672K [0x00000000d7180000, 0x00000000f2880000, 0x0000000100000000)
  eden space 408576K, 0% used [0x00000000d7180000,0x00000000d7180000,0x00000000f0080000)
  from space 16896K, 21% used [0x00000000f1100000,0x00000000f14960f8,0x00000000f2180000)
  to   space 16896K, 0% used [0x00000000f0080000,0x00000000f0080000,0x00000000f1100000)
 ParOldGen       total 71168K, used 33748K [0x0000000085400000, 0x0000000089980000, 0x00000000d7180000)
  object space 71168K, 47% used [0x0000000085400000,0x00000000874f51b0,0x0000000089980000)
 Metaspace       used 55369K, capacity 58818K, committed 58968K, reserved 1099776K
  class space    used 7346K, capacity 7939K, committed 8064K, reserved 1048576K
Event: 8,166 GC heap after
Heap after GC invocations=15 (full 3):
 PSYoungGen      total 425472K, used 0K [0x00000000d7180000, 0x00000000f2880000, 0x0000000100000000)
  eden space 408576K, 0% used [0x00000000d7180000,0x00000000d7180000,0x00000000f0080000)
  from space 16896K, 0% used [0x00000000f1100000,0x00000000f1100000,0x00000000f2180000)
  to   space 16896K, 0% used [0x00000000f0080000,0x00000000f0080000,0x00000000f1100000)
 ParOldGen       total 102400K, used 29244K [0x0000000085400000, 0x000000008b800000, 0x00000000d7180000)
  object space 102400K, 28% used [0x0000000085400000,0x000000008708f3d8,0x000000008b800000)
 Metaspace       used 55369K, capacity 58818K, committed 58968K, reserved 1099776K
  class space    used 7346K, capacity 7939K, committed 8064K, reserved 1048576K
}

Deoptimization events (0 events):
No events

Classes redefined (3 events):
Event: 438,039 Thread 0x00007f0c08146800 redefined class name=com.br.ilawgestao.domains.repository.custom.LancamentoRepositoryCustomImpl, count=1
Event: 453,558 Thread 0x00007f0c08146800 redefined class name=com.br.ilawgestao.domains.repository.custom.LancamentoRepositoryCustomImpl, count=2
Event: 519,540 Thread 0x00007f0c08146800 redefined class name=com.br.ilawgestao.domains.repository.custom.LancamentoRepositoryCustomImpl, count=3

Internal exceptions (10 events):
Event: 5,825 Thread 0x00007f0c08011800 Exception <a 'java/lang/ArrayIndexOutOfBoundsException'> (0x00000000de9e4350) thrown at [/HUDSON/workspace/8-2-build-linux-amd64/jdk8u191/11894/hotspot/src/share/vm/runtime/sharedRuntime.cpp, line 605]
Event: 5,826 Thread 0x00007f0c08011800 Exception <a 'java/lang/ArrayIndexOutOfBoundsException'> (0x00000000de9f8ed0) thrown at [/HUDSON/workspace/8-2-build-linux-amd64/jdk8u191/11894/hotspot/src/share/vm/runtime/sharedRuntime.cpp, line 605]
Event: 5,839 Thread 0x00007f0c08011800 Exception <a 'java/lang/ArrayIndexOutOfBoundsException'> (0x00000000deee2ff0) thrown at [/HUDSON/workspace/8-2-build-linux-amd64/jdk8u191/11894/hotspot/src/share/vm/runtime/sharedRuntime.cpp, line 605]
Event: 5,841 Thread 0x00007f0c08011800 Exception <a 'java/lang/ArrayIndexOutOfBoundsException'> (0x00000000deef3e78) thrown at [/HUDSON/workspace/8-2-build-linux-amd64/jdk8u191/11894/hotspot/src/share/vm/runtime/sharedRuntime.cpp, line 605]
Event: 5,847 Thread 0x00007f0c08011800 Exception <a 'java/lang/ClassNotFoundException': java/lang/ObjectCustomizer> (0x00000000defa7aa0) thrown at [/HUDSON/workspace/8-2-build-linux-amd64/jdk8u191/11894/hotspot/src/share/vm/classfile/systemDictionary.cpp, line 210]
Event: 5,848 Thread 0x00007f0c08011800 Exception <a 'java/lang/ClassNotFoundException': com/br/ilawgestao/domains/models/HistoricoAlteracaoProcessoCustomizer> (0x00000000defc0af8) thrown at [/HUDSON/workspace/8-2-build-linux-amd64/jdk8u191/11894/hotspot/src/share/vm/classfile/systemDictionary.
Event: 5,866 Thread 0x00007f0c08011800 Exception <a 'java/lang/ArrayIndexOutOfBoundsException'> (0x00000000df3c54d8) thrown at [/HUDSON/workspace/8-2-build-linux-amd64/jdk8u191/11894/hotspot/src/share/vm/runtime/sharedRuntime.cpp, line 605]
Event: 5,866 Thread 0x00007f0c08011800 Exception <a 'java/lang/ArrayIndexOutOfBoundsException'> (0x00000000df3c78d0) thrown at [/HUDSON/workspace/8-2-build-linux-amd64/jdk8u191/11894/hotspot/src/share/vm/runtime/sharedRuntime.cpp, line 605]
Event: 5,868 Thread 0x00007f0c08011800 Exception <a 'java/lang/ArrayIndexOutOfBoundsException'> (0x00000000df3e51b8) thrown at [/HUDSON/workspace/8-2-build-linux-amd64/jdk8u191/11894/hotspot/src/share/vm/runtime/sharedRuntime.cpp, line 605]
Event: 8,198 Thread 0x00007f0c0938e800 Exception <a 'java/lang/ArrayIndexOutOfBoundsException'> (0x00000000d760c708) thrown at [/HUDSON/workspace/8-2-build-linux-amd64/jdk8u191/11894/hotspot/src/share/vm/runtime/sharedRuntime.cpp, line 605]

Events (10 events):
Event: 519,541 Executing VM operation: RedefineClasses done
Event: 519,549 Executing VM operation: ChangeBreakpoints
Event: 519,552 Executing VM operation: ChangeBreakpoints done
Event: 519,552 Executing VM operation: ChangeBreakpoints
Event: 519,555 Executing VM operation: ChangeBreakpoints done
Event: 519,635 Executing VM operation: GetOwnedMonitorInfo
Event: 519,636 Executing VM operation: GetOwnedMonitorInfo done
Event: 519,636 Executing VM operation: GetCurrentContendedMonitor
Event: 519,636 Executing VM operation: GetCurrentContendedMonitor done
Event: 519,694 Executing VM operation: GetOrSetLocal


Dynamic libraries:
00400000-00401000 r-xp 00000000 08:02 20056785                           /ambiente/ferramentas/java/jdk1.8.0_191/bin/java
00600000-00601000 r--p 00000000 08:02 20056785                           /ambiente/ferramentas/java/jdk1.8.0_191/bin/java
00601000-00602000 rw-p 00001000 08:02 20056785                           /ambiente/ferramentas/java/jdk1.8.0_191/bin/java
01ac5000-01ae6000 rw-p 00000000 00:00 0                                  [heap]
85400000-8b800000 rw-p 00000000 00:00 0 
8b800000-d7180000 ---p 00000000 00:00 0 
d7180000-f2880000 rw-p 00000000 00:00 0 
f2880000-100000000 ---p 00000000 00:00 0 
100000000-1007e0000 rw-p 00000000 00:00 0 
1007e0000-140000000 ---p 00000000 00:00 0 
7f0b70000000-7f0b70260000 rw-p 00000000 00:00 0 
7f0b70260000-7f0b74000000 ---p 00000000 00:00 0 
7f0b74000000-7f0b74021000 rw-p 00000000 00:00 0 
7f0b74021000-7f0b78000000 ---p 00000000 00:00 0 
7f0b78000000-7f0b78021000 rw-p 00000000 00:00 0 
7f0b78021000-7f0b7c000000 ---p 00000000 00:00 0 
7f0b7def3000-7f0b7df33000 rw-p 00000000 00:00 0 
7f0b7df33000-7f0b7e0f3000 ---p 00000000 00:00 0 
7f0b7e0f3000-7f0b7e2f3000 rw-p 00000000 00:00 0 
7f0b7e2f3000-7f0b7e4f3000 rw-p 00000000 00:00 0 
7f0b7e4f3000-7f0b7e6f3000 rw-p 00000000 00:00 0 
7f0b7e6f3000-7f0b7e6f6000 ---p 00000000 00:00 0 
7f0b7e6f6000-7f0b7e9f4000 rw-p 00000000 00:00 0 
7f0b7e9f4000-7f0b7ebf4000 rw-p 00000000 00:00 0 
7f0b7ebf4000-7f0b7ebf7000 ---p 00000000 00:00 0 
7f0b7ebf7000-7f0b7ecf5000 rw-p 00000000 00:00 0 
7f0b7ecf5000-7f0b7ecf8000 ---p 00000000 00:00 0 
7f0b7ecf8000-7f0b7edf6000 rw-p 00000000 00:00 0 
7f0b7edf6000-7f0b7edf9000 ---p 00000000 00:00 0 
7f0b7edf9000-7f0b7eef7000 rw-p 00000000 00:00 0 
7f0b7eef7000-7f0b7eefa000 ---p 00000000 00:00 0 
7f0b7eefa000-7f0b7eff8000 rw-p 00000000 00:00 0 
7f0b7eff8000-7f0b7effb000 ---p 00000000 00:00 0 
7f0b7effb000-7f0b7f0f9000 rw-p 00000000 00:00 0 
7f0b7f0f9000-7f0b7f0fc000 ---p 00000000 00:00 0 
7f0b7f0fc000-7f0b7f1fa000 rw-p 00000000 00:00 0 
7f0b7f1fa000-7f0b7f1fd000 ---p 00000000 00:00 0 
7f0b7f1fd000-7f0b7f2fb000 rw-p 00000000 00:00 0 
7f0b7f2fb000-7f0b7f2fe000 ---p 00000000 00:00 0 
7f0b7f2fe000-7f0b7f3fc000 rw-p 00000000 00:00 0 
7f0b7f3fc000-7f0b7f3ff000 ---p 00000000 00:00 0 
7f0b7f3ff000-7f0b7f4fd000 rw-p 00000000 00:00 0 
7f0b7f4fd000-7f0b7f500000 ---p 00000000 00:00 0 
7f0b7f500000-7f0b7f5fe000 rw-p 00000000 00:00 0 
7f0b7f5fe000-7f0b7f601000 ---p 00000000 00:00 0 
7f0b7f601000-7f0b7f6ff000 rw-p 00000000 00:00 0 
7f0b7f6ff000-7f0b7f702000 ---p 00000000 00:00 0 
7f0b7f702000-7f0b7fa00000 rw-p 00000000 00:00 0 
7f0b7fa00000-7f0b7fc00000 rw-p 00000000 00:00 0 
7f0b7fc00000-7f0b7fe00000 rw-p 00000000 00:00 0 
7f0b7fe00000-7f0b80000000 rw-p 00000000 00:00 0 
7f0b80000000-7f0b80021000 rw-p 00000000 00:00 0 
7f0b80021000-7f0b84000000 ---p 00000000 00:00 0 
7f0b84000000-7f0b84553000 rw-p 00000000 00:00 0 
7f0b84553000-7f0b88000000 ---p 00000000 00:00 0 
7f0b88000000-7f0b88021000 rw-p 00000000 00:00 0 
7f0b88021000-7f0b8c000000 ---p 00000000 00:00 0 
7f0b8c000000-7f0b8c021000 rw-p 00000000 00:00 0 
7f0b8c021000-7f0b90000000 ---p 00000000 00:00 0 
7f0b90000000-7f0b90021000 rw-p 00000000 00:00 0 
7f0b90021000-7f0b94000000 ---p 00000000 00:00 0 
7f0b94000000-7f0b94021000 rw-p 00000000 00:00 0 
7f0b94021000-7f0b98000000 ---p 00000000 00:00 0 
7f0b98000000-7f0b98021000 rw-p 00000000 00:00 0 
7f0b98021000-7f0b9c000000 ---p 00000000 00:00 0 
7f0b9c000000-7f0b9c19a000 rw-p 00000000 00:00 0 
7f0b9c19a000-7f0ba0000000 ---p 00000000 00:00 0 
7f0ba0000000-7f0ba0021000 rw-p 00000000 00:00 0 
7f0ba0021000-7f0ba4000000 ---p 00000000 00:00 0 
7f0ba4000000-7f0ba4021000 rw-p 00000000 00:00 0 
7f0ba4021000-7f0ba8000000 ---p 00000000 00:00 0 
7f0ba8000000-7f0ba8021000 rw-p 00000000 00:00 0 
7f0ba8021000-7f0bac000000 ---p 00000000 00:00 0 
7f0bac000000-7f0bac021000 rw-p 00000000 00:00 0 
7f0bac021000-7f0bb0000000 ---p 00000000 00:00 0 
7f0bb0000000-7f0bb0951000 rw-p 00000000 00:00 0 
7f0bb0951000-7f0bb4000000 ---p 00000000 00:00 0 
7f0bb4000000-7f0bb4021000 rw-p 00000000 00:00 0 
7f0bb4021000-7f0bb8000000 ---p 00000000 00:00 0 
7f0bb8000000-7f0bb803e000 rw-p 00000000 00:00 0 
7f0bb803e000-7f0bbc000000 ---p 00000000 00:00 0 
7f0bbc000000-7f0bbc021000 rw-p 00000000 00:00 0 
7f0bbc021000-7f0bc0000000 ---p 00000000 00:00 0 
7f0bc0000000-7f0bc0021000 rw-p 00000000 00:00 0 
7f0bc0021000-7f0bc4000000 ---p 00000000 00:00 0 
7f0bc4000000-7f0bc4021000 rw-p 00000000 00:00 0 
7f0bc4021000-7f0bc8000000 ---p 00000000 00:00 0 
7f0bc8000000-7f0bc8021000 rw-p 00000000 00:00 0 
7f0bc8021000-7f0bcc000000 ---p 00000000 00:00 0 
7f0bcc000000-7f0bcc06c000 rw-p 00000000 00:00 0 
7f0bcc06c000-7f0bd0000000 ---p 00000000 00:00 0 
7f0bd0000000-7f0bd0021000 rw-p 00000000 00:00 0 
7f0bd0021000-7f0bd4000000 ---p 00000000 00:00 0 
7f0bd4000000-7f0bd4021000 rw-p 00000000 00:00 0 
7f0bd4021000-7f0bd8000000 ---p 00000000 00:00 0 
7f0bd8000000-7f0bd8021000 rw-p 00000000 00:00 0 
7f0bd8021000-7f0bdc000000 ---p 00000000 00:00 0 
7f0bdc000000-7f0bdc2dd000 rw-p 00000000 00:00 0 
7f0bdc2dd000-7f0be0000000 ---p 00000000 00:00 0 
7f0be0000000-7f0be0022000 rw-p 00000000 00:00 0 
7f0be0022000-7f0be4000000 ---p 00000000 00:00 0 
7f0be408a000-7f0be408d000 ---p 00000000 00:00 0 
7f0be408d000-7f0be418b000 rw-p 00000000 00:00 0 
7f0be418b000-7f0be418e000 ---p 00000000 00:00 0 
7f0be418e000-7f0be428c000 rw-p 00000000 00:00 0 
7f0be428c000-7f0be428f000 ---p 00000000 00:00 0 
7f0be428f000-7f0be458d000 rw-p 00000000 00:00 0 
7f0be458d000-7f0be4590000 ---p 00000000 00:00 0 
7f0be4590000-7f0be468e000 rw-p 00000000 00:00 0 
7f0be468e000-7f0be4691000 r--p 00000000 08:02 48628534                   /usr/lib/x86_64-linux-gnu/libgcc_s.so.1
7f0be4691000-7f0be46a2000 r-xp 00003000 08:02 48628534                   /usr/lib/x86_64-linux-gnu/libgcc_s.so.1
7f0be46a2000-7f0be46a6000 r--p 00014000 08:02 48628534                   /usr/lib/x86_64-linux-gnu/libgcc_s.so.1
7f0be46a6000-7f0be46a7000 r--p 00017000 08:02 48628534                   /usr/lib/x86_64-linux-gnu/libgcc_s.so.1
7f0be46a7000-7f0be46a8000 rw-p 00018000 08:02 48628534                   /usr/lib/x86_64-linux-gnu/libgcc_s.so.1
7f0be46a8000-7f0be46e0000 r-xp 00000000 08:02 20185853                   /ambiente/ferramentas/java/jdk1.8.0_191/jre/lib/amd64/libsunec.so
7f0be46e0000-7f0be48df000 ---p 00038000 08:02 20185853                   /ambiente/ferramentas/java/jdk1.8.0_191/jre/lib/amd64/libsunec.so
7f0be48df000-7f0be48e4000 r--p 00037000 08:02 20185853                   /ambiente/ferramentas/java/jdk1.8.0_191/jre/lib/amd64/libsunec.so
7f0be48e4000-7f0be48e6000 rw-p 0003c000 08:02 20185853                   /ambiente/ferramentas/java/jdk1.8.0_191/jre/lib/amd64/libsunec.so
7f0be48e6000-7f0be4adc000 rw-p 00000000 00:00 0 
7f0be4adc000-7f0be4ae6000 ---p 00000000 00:00 0 
7f0be4ae6000-7f0be4ae9000 ---p 00000000 00:00 0 
7f0be4ae9000-7f0be4de7000 rw-p 00000000 00:00 0 
7f0be4de7000-7f0be4dea000 ---p 00000000 00:00 0 
7f0be4dea000-7f0be4ee8000 rw-p 00000000 00:00 0 
7f0be4ee8000-7f0be4eeb000 ---p 00000000 00:00 0 
7f0be4eeb000-7f0be51e9000 rw-p 00000000 00:00 0 
7f0be51e9000-7f0be53e9000 rw-p 00000000 00:00 0 
7f0be53e9000-7f0be55e9000 rw-p 00000000 00:00 0 
7f0be55e9000-7f0be57e9000 rw-p 00000000 00:00 0 
7f0be57e9000-7f0be59e9000 rw-p 00000000 00:00 0 
7f0be59e9000-7f0be5be9000 rw-p 00000000 00:00 0 
7f0be5be9000-7f0be5bec000 ---p 00000000 00:00 0 
7f0be5bec000-7f0be5eea000 rw-p 00000000 00:00 0 
7f0be5eea000-7f0be60ea000 rw-p 00000000 00:00 0 
7f0be60ea000-7f0be60ed000 ---p 00000000 00:00 0 
7f0be60ed000-7f0be61eb000 rw-p 00000000 00:00 0 
7f0be61eb000-7f0be61ec000 ---p 00000000 00:00 0 
7f0be61ec000-7f0be62ec000 rw-p 00000000 00:00 0 
7f0be62ec000-7f0be62ef000 ---p 00000000 00:00 0 
7f0be62ef000-7f0be65ed000 rw-p 00000000 00:00 0 
7f0be65ed000-7f0be65fe000 r-xp 00000000 08:02 20185899                   /ambiente/ferramentas/java/jdk1.8.0_191/jre/lib/amd64/libnio.so
7f0be65fe000-7f0be67fd000 ---p 00011000 08:02 20185899                   /ambiente/ferramentas/java/jdk1.8.0_191/jre/lib/amd64/libnio.so
7f0be67fd000-7f0be67fe000 r--p 00010000 08:02 20185899                   /ambiente/ferramentas/java/jdk1.8.0_191/jre/lib/amd64/libnio.so
7f0be67fe000-7f0be67ff000 rw-p 00011000 08:02 20185899                   /ambiente/ferramentas/java/jdk1.8.0_191/jre/lib/amd64/libnio.so
7f0be67ff000-7f0be8000000 rw-p 00000000 00:00 0 
7f0be8000000-7f0be8021000 rw-p 00000000 00:00 0 
7f0be8021000-7f0bec000000 ---p 00000000 00:00 0 
7f0bec026000-7f0bec02b000 r--s 0003f000 08:02 20186046                   /ambiente/ferramentas/java/jdk1.8.0_191/jre/lib/ext/sunjce_provider.jar
7f0bec02b000-7f0bec02d000 r--s 00009000 08:02 20186036                   /ambiente/ferramentas/java/jdk1.8.0_191/jre/lib/ext/sunec.jar
7f0bec02d000-7f0bec031000 r--s 0003a000 08:02 20186043                   /ambiente/ferramentas/java/jdk1.8.0_191/jre/lib/ext/sunpkcs11.jar
7f0bec031000-7f0bec036000 r--s 002f9000 08:02 20185833                   /ambiente/ferramentas/java/jdk1.8.0_191/jre/lib/charsets.jar
7f0bec036000-7f0bec03d000 r--s 00000000 08:02 49285384                   /usr/lib/x86_64-linux-gnu/gconv/gconv-modules.cache
7f0bec03d000-7f0bec063000 r--p 00000000 08:02 50859769                   /usr/share/locale-langpack/pt_BR/LC_MESSAGES/libc.mo
7f0bec063000-7f0bec06d000 r--s 00116000 08:02 20186045                   /ambiente/ferramentas/java/jdk1.8.0_191/jre/lib/ext/localedata.jar
7f0bec06d000-7f0bec089000 r--s 00393000 08:02 20186038                   /ambiente/ferramentas/java/jdk1.8.0_191/jre/lib/ext/cldrdata.jar
7f0bec089000-7f0bec09f000 r-xp 00000000 08:02 20185896                   /ambiente/ferramentas/java/jdk1.8.0_191/jre/lib/amd64/libnet.so
7f0bec09f000-7f0bec29e000 ---p 00016000 08:02 20185896                   /ambiente/ferramentas/java/jdk1.8.0_191/jre/lib/amd64/libnet.so
7f0bec29e000-7f0bec29f000 r--p 00015000 08:02 20185896                   /ambiente/ferramentas/java/jdk1.8.0_191/jre/lib/amd64/libnet.so
7f0bec29f000-7f0bec2a0000 rw-p 00016000 08:02 20185896                   /ambiente/ferramentas/java/jdk1.8.0_191/jre/lib/amd64/libnet.so
7f0bec2a0000-7f0bf0000000 rw-p 00000000 00:00 0 
7f0bf0000000-7f0bf0021000 rw-p 00000000 00:00 0 
7f0bf0021000-7f0bf4000000 ---p 00000000 00:00 0 
7f0bf4000000-7f0bf4003000 ---p 00000000 00:00 0 
7f0bf4003000-7f0bf4101000 rw-p 00000000 00:00 0 
7f0bf4101000-7f0bf4104000 ---p 00000000 00:00 0 
7f0bf4104000-7f0bf4202000 rw-p 00000000 00:00 0 
7f0bf4202000-7f0bf420a000 r-xp 00000000 08:02 20185904                   /ambiente/ferramentas/java/jdk1.8.0_191/jre/lib/amd64/libmanagement.so
7f0bf420a000-7f0bf440a000 ---p 00008000 08:02 20185904                   /ambiente/ferramentas/java/jdk1.8.0_191/jre/lib/amd64/libmanagement.so
7f0bf440a000-7f0bf440b000 r--p 00008000 08:02 20185904                   /ambiente/ferramentas/java/jdk1.8.0_191/jre/lib/amd64/libmanagement.so
7f0bf440b000-7f0bf440c000 rw-p 00009000 08:02 20185904                   /ambiente/ferramentas/java/jdk1.8.0_191/jre/lib/amd64/libmanagement.so
7f0bf440c000-7f0bf440f000 ---p 00000000 00:00 0 
7f0bf440f000-7f0bf450d000 rw-p 00000000 00:00 0 
7f0bf450d000-7f0bf450e000 ---p 00000000 00:00 0 
7f0bf450e000-7f0bf4511000 ---p 00000000 00:00 0 
7f0bf4511000-7f0bf460e000 rw-p 00000000 00:00 0 
7f0bf460e000-7f0bf460f000 ---p 00000000 00:00 0 
7f0bf460f000-7f0bf4612000 ---p 00000000 00:00 0 
7f0bf4612000-7f0bf470f000 rw-p 00000000 00:00 0 
7f0bf470f000-7f0bf4710000 ---p 00000000 00:00 0 
7f0bf4710000-7f0bf4713000 ---p 00000000 00:00 0 
7f0bf4713000-7f0bf4810000 rw-p 00000000 00:00 0 
7f0bf4810000-7f0bf4823000 r--s 00345000 08:02 20185839                   /ambiente/ferramentas/java/jdk1.8.0_191/jre/lib/resources.jar
7f0bf4823000-7f0bf4826000 r--s 0001a000 08:02 20185918                   /ambiente/ferramentas/java/jdk1.8.0_191/jre/lib/jce.jar
7f0bf4826000-7f0bf482b000 r--s 000a0000 08:02 20185840                   /ambiente/ferramentas/java/jdk1.8.0_191/jre/lib/jsse.jar
7f0bf482b000-7f0bf482e000 r--s 0001f000 08:02 23068789                   /ambiente/ferramentas/STS/spring-tool-suite-4-4.6.2.RELEASE-e4.15.0-linux.gtk.x86_64/sts-4.6.2.RELEASE/configuration/org.eclipse.osgi/239/0/.cp/lib/javaagent-shaded.jar
7f0bf482e000-7f0bf4830000 r--s 0000a000 08:02 27263533                   /home/kleiton/.m2/repository/org/springframework/spring-aspects/5.3.1/spring-aspects-5.3.1.jar
7f0bf4830000-7f0bf483a000 r--s 00047000 08:02 27263532                   /home/kleiton/.m2/repository/org/springframework/spring-tx/5.3.1/spring-tx-5.3.1.jar
7f0bf483a000-7f0bf483e000 r--s 0002d000 08:02 27263531                   /home/kleiton/.m2/repository/org/springframework/spring-orm/5.3.1/spring-orm-5.3.1.jar
7f0bf483e000-7f0bf4858000 r--s 00115000 08:02 27263530                   /home/kleiton/.m2/repository/org/springframework/data/spring-data-commons/2.4.1/spring-data-commons-2.4.1.jar
7f0bf4858000-7f0bf4860000 r--s 00052000 08:02 27263527                   /home/kleiton/.m2/repository/org/springframework/data/spring-data-jpa/2.4.1/spring-data-jpa-2.4.1.jar
7f0bf4860000-7f0bf4862000 r--s 0000f000 08:02 37758181                   /home/kleiton/.m2/repository/com/sun/activation/jakarta.activation/1.2.2/jakarta.activation-1.2.2.jar
7f0bf4862000-7f0bf4864000 r--s 00006000 08:02 27263526                   /home/kleiton/.m2/repository/com/sun/istack/istack-commons-runtime/3.0.11/istack-commons-runtime-3.0.11.jar
7f0bf4864000-7f0bf4866000 r--s 00010000 08:02 37758179                   /home/kleiton/.m2/repository/org/glassfish/jaxb/txw2/2.3.3/txw2-2.3.3.jar
7f0bf4866000-7f0bf487b000 r--s 000e8000 08:02 37758177                   /home/kleiton/.m2/repository/org/glassfish/jaxb/jaxb-runtime/2.3.3/jaxb-runtime-2.3.3.jar
7f0bf487b000-7f0bf487e000 r--s 00011000 08:02 27263523                   /home/kleiton/.m2/repository/org/hibernate/common/hibernate-commons-annotations/5.1.2.Final/hibernate-commons-annotations-5.1.2.Final.jar
7f0bf487e000-7f0bf4883000 r--s 0004b000 08:02 27263520                   /home/kleiton/.m2/repository/org/dom4j/dom4j/2.1.3/dom4j-2.1.3.jar
7f0bf4883000-7f0bf4885000 r--s 0000f000 08:02 27263517                   /home/kleiton/.m2/repository/com/fasterxml/classmate/1.5.1/classmate-1.5.1.jar
7f0bf4885000-7f0bf4888000 r--s 0002d000 08:02 27263516                   /home/kleiton/.m2/repository/org/jboss/jandex/2.1.3.Final/jandex-2.1.3.Final.jar
7f0bf4888000-7f0bf488d000 r--s 00068000 08:02 23069490                   /home/kleiton/.m2/repository/antlr/antlr/2.7.7/antlr-2.7.7.jar
7f0bf488d000-7f0bf4897000 r--s 000b4000 08:02 27263514                   /home/kleiton/.m2/repository/org/javassist/javassist/3.24.0-GA/javassist-3.24.0-GA.jar
7f0bf4897000-7f0bf4899000 r--s 0000d000 08:02 27263513                   /home/kleiton/.m2/repository/org/jboss/logging/jboss-logging/3.4.1.Final/jboss-logging-3.4.1.Final.jar
7f0bf4899000-7f0bf4920000 r--s 0067b000 08:02 27263511                   /home/kleiton/.m2/repository/org/hibernate/hibernate-core/5.4.23.Final/hibernate-core-5.4.23.Final.jar
7f0bf4920000-7f0bf4926000 r--s 00023000 08:02 37758173                   /home/kleiton/.m2/repository/jakarta/persistence/jakarta.persistence-api/2.2.3/jakarta.persistence-api-2.2.3.jar
7f0bf4926000-7f0bf4927000 r--s 00003000 08:02 37758174                   /home/kleiton/.m2/repository/jakarta/transaction/jakarta.transaction-api/1.3.3/jakarta.transaction-api-1.3.3.jar
7f0bf4927000-7f0bf4930000 r--s 0005d000 08:02 27263503                   /home/kleiton/.m2/repository/org/springframework/spring-jdbc/5.3.1/spring-jdbc-5.3.1.jar
7f0bf4930000-7f0bf4934000 r--s 00023000 08:02 27263506                   /home/kleiton/.m2/repository/com/zaxxer/HikariCP/3.4.5/HikariCP-3.4.5.jar
7f0bf4934000-7f0bf4935000 r--s 00001000 08:02 27263505                   /home/kleiton/.m2/repository/org/springframework/boot/spring-boot-starter-jdbc/2.4.0/spring-boot-starter-jdbc-2.4.0.jar
7f0bf4935000-7f0bf494e000 r--s 001dc000 08:02 27263507                   /home/kleiton/.m2/repository/org/aspectj/aspectjweaver/1.9.6/aspectjweaver-1.9.6.jar
7f0bf494e000-7f0bf4957000 r--s 00053000 08:02 34080318                   /home/kleiton/.m2/repository/org/springframework/spring-aop/5.3.1/spring-aop-5.3.1.jar
7f0bf4957000-7f0bf4958000 r--s 00001000 08:02 27263504                   /home/kleiton/.m2/repository/org/springframework/boot/spring-boot-starter-aop/2.4.0/spring-boot-starter-aop-2.4.0.jar
7f0bf4958000-7f0bf4959000 r--s 00001000 08:02 27263501                   /home/kleiton/.m2/repository/org/springframework/boot/spring-boot-starter-data-jpa/2.4.0/spring-boot-starter-data-jpa-2.4.0.jar
7f0bf4959000-7f0bf495a000 r--s 00005000 08:02 34080378                   /home/kleiton/.m2/repository/org/springframework/spring-jcl/5.3.1/spring-jcl-5.3.1.jar
7f0bf495a000-7f0bf4976000 r--s 0014a000 08:02 34080377                   /home/kleiton/.m2/repository/org/springframework/spring-core/5.3.1/spring-core-5.3.1.jar
7f0bf4976000-7f0bf49c1000 r--s 0030b000 08:02 34080367                   /home/kleiton/.m2/repository/net/bytebuddy/byte-buddy/1.10.18/byte-buddy-1.10.18.jar
7f0bf49c1000-7f0bf49c3000 r--s 0000a000 08:02 34080342                   /home/kleiton/.m2/repository/jakarta/activation/jakarta.activation-api/1.2.2/jakarta.activation-api-1.2.2.jar
7f0bf49c3000-7f0bf49c7000 r--s 00019000 08:02 34080341                   /home/kleiton/.m2/repository/jakarta/xml/bind/jakarta.xml.bind-api/2.3.3/jakarta.xml.bind-api-2.3.3.jar
7f0bf49c7000-7f0bf49c9000 r--s 00009000 08:02 34080340                   /home/kleiton/.m2/repository/org/slf4j/slf4j-api/1.7.30/slf4j-api-1.7.30.jar
7f0bf49c9000-7f0bf49d0000 r--s 00045000 08:02 34080289                   /home/kleiton/.m2/repository/org/yaml/snakeyaml/1.27/snakeyaml-1.27.jar
7f0bf49d0000-7f0bf49d2000 r--s 00005000 08:02 34080286                   /home/kleiton/.m2/repository/jakarta/annotation/jakarta.annotation-api/1.3.5/jakarta.annotation-api-1.3.5.jar
7f0bf49d2000-7f0bf49d4000 r--s 00000000 08:02 34080285                   /home/kleiton/.m2/repository/org/slf4j/jul-to-slf4j/1.7.30/jul-to-slf4j-1.7.30.jar
7f0bf49d4000-7f0bf49da000 r--s 00042000 08:02 34080282                   /home/kleiton/.m2/repository/org/apache/logging/log4j/log4j-api/2.13.3/log4j-api-2.13.3.jar
7f0bf49da000-7f0bf49dc000 r--s 00003000 08:02 34080281                   /home/kleiton/.m2/repository/org/apache/logging/log4j/log4j-to-slf4j/2.13.3/log4j-to-slf4j-2.13.3.jar
7f0bf49dc000-7f0bf49e7000 r--s 00069000 08:02 34080280                   /home/kleiton/.m2/repository/ch/qos/logback/logback-core/1.2.3/logback-core-1.2.3.jar
7f0bf49e7000-7f0bf49ed000 r--s 00041000 08:02 34080272                   /home/kleiton/.m2/repository/ch/qos/logback/logback-classic/1.2.3/logback-classic-1.2.3.jar
7f0bf49ed000-7f0bf49ee000 r--s 00001000 08:02 34080274                   /home/kleiton/.m2/repository/org/springframework/boot/spring-boot-starter-logging/2.4.0/spring-boot-starter-logging-2.4.0.jar
7f0bf49ee000-7f0bf4a19000 r--s 0014d000 08:02 34080276                   /home/kleiton/.m2/repository/org/springframework/boot/spring-boot-autoconfigure/2.4.0/spring-boot-autoconfigure-2.4.0.jar
7f0bf4a19000-7f0bf4a35000 r--s 00122000 08:02 34080275                   /home/kleiton/.m2/repository/org/springframework/boot/spring-boot/2.4.0/spring-boot-2.4.0.jar
7f0bf4a35000-7f0bf4a4e000 r--s 001bb000 08:02 27395351                   /home/kleiton/.m2/repository/org/projectlombok/lombok/1.18.16/lombok-1.18.16.jar
7f0bf4a4e000-7f0bf4a68000 r--s 0022e000 08:02 27263622                   /home/kleiton/.m2/repository/mysql/mysql-connector-java/8.0.22/mysql-connector-java-8.0.22.jar
7f0bf4a68000-7f0bf4a84000 r--s 00114000 08:02 34080320                   /home/kleiton/.m2/repository/org/springframework/spring-context/5.3.1/spring-context-5.3.1.jar
7f0bf4a84000-7f0bf4a8d000 r--s 0005f000 08:02 27921047                   /home/kleiton/.m2/repository/org/springframework/spring-websocket/5.3.1/spring-websocket-5.3.1.jar
7f0bf4a8d000-7f0bf4a99000 r--s 0009e000 08:02 34080315                   /home/kleiton/.m2/repository/org/springframework/spring-beans/5.3.1/spring-beans-5.3.1.jar
7f0bf4a99000-7f0bf4aab000 r--s 000e0000 08:02 34080316                   /home/kleiton/.m2/repository/org/springframework/spring-webmvc/5.3.1/spring-webmvc-5.3.1.jar
7f0bf4aab000-7f0bf4ac9000 r--s 0015c000 08:02 34080313                   /home/kleiton/.m2/repository/org/springframework/spring-web/5.3.1/spring-web-5.3.1.jar
7f0bf4ac9000-7f0bf4af4000 r--s 00311000 08:02 34080307                   /home/kleiton/.m2/repository/org/apache/tomcat/embed/tomcat-embed-core/9.0.39/tomcat-embed-core-9.0.39.jar
7f0bf4af4000-7f0bf4af7000 ---p 00000000 00:00 0 
7f0bf4af7000-7f0bf4bf5000 rw-p 00000000 00:00 0 
7f0bf4bf5000-7f0bf4bf8000 ---p 00000000 00:00 0 
7f0bf4bf8000-7f0bf4cf6000 rw-p 00000000 00:00 0 
7f0bf4cf6000-7f0bf4cf9000 ---p 00000000 00:00 0 
7f0bf4cf9000-7f0bf4df7000 rw-p 00000000 00:00 0 
7f0bf4df7000-7f0bf4dfb000 r-xp 00000000 08:02 20185865                   /ambiente/ferramentas/java/jdk1.8.0_191/jre/lib/amd64/libdt_socket.so
7f0bf4dfb000-7f0bf4ffa000 ---p 00004000 08:02 20185865                   /ambiente/ferramentas/java/jdk1.8.0_191/jre/lib/amd64/libdt_socket.so
7f0bf4ffa000-7f0bf4ffb000 r--p 00003000 08:02 20185865                   /ambiente/ferramentas/java/jdk1.8.0_191/jre/lib/amd64/libdt_socket.so
7f0bf4ffb000-7f0bf4ffc000 rw-p 00004000 08:02 20185865                   /ambiente/ferramentas/java/jdk1.8.0_191/jre/lib/amd64/libdt_socket.so
7f0bf4ffc000-7f0bf4fff000 ---p 00000000 00:00 0 
7f0bf4fff000-7f0bf50fd000 rw-p 00000000 00:00 0 
7f0bf50fd000-7f0bf5100000 ---p 00000000 00:00 0 
7f0bf5100000-7f0bf51fe000 rw-p 00000000 00:00 0 
7f0bf51fe000-7f0bf5201000 ---p 00000000 00:00 0 
7f0bf5201000-7f0bf52ff000 rw-p 00000000 00:00 0 
7f0bf52ff000-7f0bf5300000 ---p 00000000 00:00 0 
7f0bf5300000-7f0bf635e000 rw-p 00000000 00:00 0 
7f0bf635e000-7f0bf6538000 r--s 03d6c000 08:02 20185835                   /ambiente/ferramentas/java/jdk1.8.0_191/jre/lib/rt.jar
7f0bf6538000-7f0bf71df000 rw-p 00000000 00:00 0 
7f0bf71df000-7f0bf71e0000 ---p 00000000 00:00 0 
7f0bf71e0000-7f0bf72e0000 rw-p 00000000 00:00 0 
7f0bf72e0000-7f0bf72e1000 ---p 00000000 00:00 0 
7f0bf72e1000-7f0bf73e1000 rw-p 00000000 00:00 0 
7f0bf73e1000-7f0bf73e2000 ---p 00000000 00:00 0 
7f0bf73e2000-7f0bf74e2000 rw-p 00000000 00:00 0 
7f0bf74e2000-7f0bf74e3000 ---p 00000000 00:00 0 
7f0bf74e3000-7f0bf7615000 rw-p 00000000 00:00 0 
7f0bf7615000-7f0bf7872000 ---p 00000000 00:00 0 
7f0bf7872000-7f0bf78a4000 rw-p 00000000 00:00 0 
7f0bf78a4000-7f0bf7b00000 ---p 00000000 00:00 0 
7f0bf7b00000-7f0bf7bdd000 rw-p 00000000 00:00 0 
7f0bf7bdd000-7f0bf7c48000 ---p 00000000 00:00 0 
7f0bf7c48000-7f0bf7c7c000 rw-p 00000000 00:00 0 
7f0bf7c7c000-7f0bf8009000 ---p 00000000 00:00 0 
7f0bf8009000-7f0bf8cb9000 rwxp 00000000 00:00 0 
7f0bf8cb9000-7f0c07009000 ---p 00000000 00:00 0 
7f0c07009000-7f0c07023000 r-xp 00000000 08:02 20185892                   /ambiente/ferramentas/java/jdk1.8.0_191/jre/lib/amd64/libzip.so
7f0c07023000-7f0c07223000 ---p 0001a000 08:02 20185892                   /ambiente/ferramentas/java/jdk1.8.0_191/jre/lib/amd64/libzip.so
7f0c07223000-7f0c07224000 r--p 0001a000 08:02 20185892                   /ambiente/ferramentas/java/jdk1.8.0_191/jre/lib/amd64/libzip.so
7f0c07224000-7f0c07225000 rw-p 0001b000 08:02 20185892                   /ambiente/ferramentas/java/jdk1.8.0_191/jre/lib/amd64/libzip.so
7f0c07225000-7f0c08000000 r--p 00000000 08:02 48634818                   /usr/lib/locale/locale-archive
7f0c08000000-7f0c095a9000 rw-p 00000000 00:00 0 
7f0c095a9000-7f0c0c000000 ---p 00000000 00:00 0 
7f0c0c000000-7f0c0c001000 r--s 00001000 08:02 34080270                   /home/kleiton/.m2/repository/org/springframework/boot/spring-boot-starter/2.4.0/spring-boot-starter-2.4.0.jar
7f0c0c001000-7f0c0c00c000 r--s 0007c000 08:02 27921048                   /home/kleiton/.m2/repository/org/springframework/spring-messaging/5.3.1/spring-messaging-5.3.1.jar
7f0c0c00c000-7f0c0c011000 r--s 00040000 08:02 34080322                   /home/kleiton/.m2/repository/org/springframework/spring-expression/5.3.1/spring-expression-5.3.1.jar
7f0c0c011000-7f0c0c017000 r--s 0003d000 08:02 34080312                   /home/kleiton/.m2/repository/org/apache/tomcat/embed/tomcat-embed-websocket/9.0.39/tomcat-embed-websocket-9.0.39.jar
7f0c0c017000-7f0c0c01c000 r--s 00036000 08:02 34080309                   /home/kleiton/.m2/repository/org/glassfish/jakarta.el/3.0.3/jakarta.el-3.0.3.jar
7f0c0c01c000-7f0c0c01d000 r--s 00001000 08:02 34080306                   /home/kleiton/.m2/repository/org/springframework/boot/spring-boot-starter-tomcat/2.4.0/spring-boot-starter-tomcat-2.4.0.jar
7f0c0c01d000-7f0c0c01f000 r--s 00001000 08:02 34080304                   /home/kleiton/.m2/repository/com/fasterxml/jackson/module/jackson-module-parameter-names/2.11.3/jackson-module-parameter-names-2.11.3.jar
7f0c0c01f000-7f0c0c023000 r--s 00018000 08:02 34080300                   /home/kleiton/.m2/repository/com/fasterxml/jackson/datatype/jackson-datatype-jsr310/2.11.3/jackson-datatype-jsr310-2.11.3.jar
7f0c0c023000-7f0c0c025000 r--s 00007000 08:02 34080299                   /home/kleiton/.m2/repository/com/fasterxml/jackson/datatype/jackson-datatype-jdk8/2.11.3/jackson-datatype-jdk8-2.11.3.jar
7f0c0c025000-7f0c0c029000 r--s 00052000 08:02 34080296                   /home/kleiton/.m2/repository/com/fasterxml/jackson/core/jackson-core/2.11.3/jackson-core-2.11.3.jar
7f0c0c029000-7f0c0c02c000 r--s 0000e000 08:02 34080295                   /home/kleiton/.m2/repository/com/fasterxml/jackson/core/jackson-annotations/2.11.3/jackson-annotations-2.11.3.jar
7f0c0c02c000-7f0c0c042000 r--s 00146000 08:02 34080293                   /home/kleiton/.m2/repository/com/fasterxml/jackson/core/jackson-databind/2.11.3/jackson-databind-2.11.3.jar
7f0c0c042000-7f0c0c069000 rw-p 00000000 00:00 0 
7f0c0c069000-7f0c0c071000 rw-s 00000000 08:02 133791                     /tmp/hsperfdata_kleiton/29049
7f0c0c071000-7f0c0c07b000 r-xp 00000000 08:02 20185901                   /ambiente/ferramentas/java/jdk1.8.0_191/jre/lib/amd64/libinstrument.so
7f0c0c07b000-7f0c0c27a000 ---p 0000a000 08:02 20185901                   /ambiente/ferramentas/java/jdk1.8.0_191/jre/lib/amd64/libinstrument.so
7f0c0c27a000-7f0c0c27b000 r--p 00009000 08:02 20185901                   /ambiente/ferramentas/java/jdk1.8.0_191/jre/lib/amd64/libinstrument.so
7f0c0c27b000-7f0c0c27c000 rw-p 0000a000 08:02 20185901                   /ambiente/ferramentas/java/jdk1.8.0_191/jre/lib/amd64/libinstrument.so
7f0c0c27c000-7f0c0c27e000 r-xp 00000000 08:02 20185867                   /ambiente/ferramentas/java/jdk1.8.0_191/jre/lib/amd64/libnpt.so
7f0c0c27e000-7f0c0c47e000 ---p 00002000 08:02 20185867                   /ambiente/ferramentas/java/jdk1.8.0_191/jre/lib/amd64/libnpt.so
7f0c0c47e000-7f0c0c47f000 r--p 00002000 08:02 20185867                   /ambiente/ferramentas/java/jdk1.8.0_191/jre/lib/amd64/libnpt.so
7f0c0c47f000-7f0c0c480000 rw-p 00003000 08:02 20185867                   /ambiente/ferramentas/java/jdk1.8.0_191/jre/lib/amd64/libnpt.so
7f0c0c480000-7f0c0c4ba000 r-xp 00000000 08:02 20185879                   /ambiente/ferramentas/java/jdk1.8.0_191/jre/lib/amd64/libjdwp.so
7f0c0c4ba000-7f0c0c6b9000 ---p 0003a000 08:02 20185879                   /ambiente/ferramentas/java/jdk1.8.0_191/jre/lib/amd64/libjdwp.so
7f0c0c6b9000-7f0c0c6ba000 r--p 00039000 08:02 20185879                   /ambiente/ferramentas/java/jdk1.8.0_191/jre/lib/amd64/libjdwp.so
7f0c0c6ba000-7f0c0c6bb000 rw-p 0003a000 08:02 20185879                   /ambiente/ferramentas/java/jdk1.8.0_191/jre/lib/amd64/libjdwp.so
7f0c0c6bb000-7f0c0c6e8000 r-xp 00000000 08:02 20185886                   /ambiente/ferramentas/java/jdk1.8.0_191/jre/lib/amd64/libjava.so
7f0c0c6e8000-7f0c0c8e7000 ---p 0002d000 08:02 20185886                   /ambiente/ferramentas/java/jdk1.8.0_191/jre/lib/amd64/libjava.so
7f0c0c8e7000-7f0c0c8e8000 r--p 0002c000 08:02 20185886                   /ambiente/ferramentas/java/jdk1.8.0_191/jre/lib/amd64/libjava.so
7f0c0c8e8000-7f0c0c8ea000 rw-p 0002d000 08:02 20185886                   /ambiente/ferramentas/java/jdk1.8.0_191/jre/lib/amd64/libjava.so
7f0c0c8ea000-7f0c0c8f7000 r-xp 00000000 08:02 20185891                   /ambiente/ferramentas/java/jdk1.8.0_191/jre/lib/amd64/libverify.so
7f0c0c8f7000-7f0c0caf6000 ---p 0000d000 08:02 20185891                   /ambiente/ferramentas/java/jdk1.8.0_191/jre/lib/amd64/libverify.so
7f0c0caf6000-7f0c0caf8000 r--p 0000c000 08:02 20185891                   /ambiente/ferramentas/java/jdk1.8.0_191/jre/lib/amd64/libverify.so
7f0c0caf8000-7f0c0caf9000 rw-p 0000e000 08:02 20185891                   /ambiente/ferramentas/java/jdk1.8.0_191/jre/lib/amd64/libverify.so
7f0c0caf9000-7f0c0cafc000 r--p 00000000 08:02 48636446                   /usr/lib/x86_64-linux-gnu/librt-2.29.so
7f0c0cafc000-7f0c0cb00000 r-xp 00003000 08:02 48636446                   /usr/lib/x86_64-linux-gnu/librt-2.29.so
7f0c0cb00000-7f0c0cb02000 r--p 00007000 08:02 48636446                   /usr/lib/x86_64-linux-gnu/librt-2.29.so
7f0c0cb02000-7f0c0cb03000 r--p 00008000 08:02 48636446                   /usr/lib/x86_64-linux-gnu/librt-2.29.so
7f0c0cb03000-7f0c0cb04000 rw-p 00009000 08:02 48636446                   /usr/lib/x86_64-linux-gnu/librt-2.29.so
7f0c0cb04000-7f0c0cb05000 ---p 00000000 00:00 0 
7f0c0cb05000-7f0c0cb08000 ---p 00000000 00:00 0 
7f0c0cb08000-7f0c0cc05000 rw-p 00000000 00:00 0 
7f0c0cc05000-7f0c0cc14000 r--p 00000000 08:02 48636110                   /usr/lib/x86_64-linux-gnu/libm-2.29.so
7f0c0cc14000-7f0c0ccba000 r-xp 0000f000 08:02 48636110                   /usr/lib/x86_64-linux-gnu/libm-2.29.so
7f0c0ccba000-7f0c0cd51000 r--p 000b5000 08:02 48636110                   /usr/lib/x86_64-linux-gnu/libm-2.29.so
7f0c0cd51000-7f0c0cd52000 r--p 0014b000 08:02 48636110                   /usr/lib/x86_64-linux-gnu/libm-2.29.so
7f0c0cd52000-7f0c0cd53000 rw-p 0014c000 08:02 48636110                   /usr/lib/x86_64-linux-gnu/libm-2.29.so
7f0c0cd53000-7f0c0da35000 r-xp 00000000 08:02 20185914                   /ambiente/ferramentas/java/jdk1.8.0_191/jre/lib/amd64/server/libjvm.so
7f0c0da35000-7f0c0dc35000 ---p 00ce2000 08:02 20185914                   /ambiente/ferramentas/java/jdk1.8.0_191/jre/lib/amd64/server/libjvm.so
7f0c0dc35000-7f0c0dccb000 r--p 00ce2000 08:02 20185914                   /ambiente/ferramentas/java/jdk1.8.0_191/jre/lib/amd64/server/libjvm.so
7f0c0dccb000-7f0c0dcfc000 rw-p 00d78000 08:02 20185914                   /ambiente/ferramentas/java/jdk1.8.0_191/jre/lib/amd64/server/libjvm.so
7f0c0dcfc000-7f0c0dd39000 rw-p 00000000 00:00 0 
7f0c0dd39000-7f0c0dd5e000 r--p 00000000 08:02 48635491                   /usr/lib/x86_64-linux-gnu/libc-2.29.so
7f0c0dd5e000-7f0c0ded1000 r-xp 00025000 08:02 48635491                   /usr/lib/x86_64-linux-gnu/libc-2.29.so
7f0c0ded1000-7f0c0df1a000 r--p 00198000 08:02 48635491                   /usr/lib/x86_64-linux-gnu/libc-2.29.so
7f0c0df1a000-7f0c0df1d000 r--p 001e0000 08:02 48635491                   /usr/lib/x86_64-linux-gnu/libc-2.29.so
7f0c0df1d000-7f0c0df20000 rw-p 001e3000 08:02 48635491                   /usr/lib/x86_64-linux-gnu/libc-2.29.so
7f0c0df20000-7f0c0df24000 rw-p 00000000 00:00 0 
7f0c0df24000-7f0c0df25000 r--p 00000000 08:02 48635628                   /usr/lib/x86_64-linux-gnu/libdl-2.29.so
7f0c0df25000-7f0c0df27000 r-xp 00001000 08:02 48635628                   /usr/lib/x86_64-linux-gnu/libdl-2.29.so
7f0c0df27000-7f0c0df28000 r--p 00003000 08:02 48635628                   /usr/lib/x86_64-linux-gnu/libdl-2.29.so
7f0c0df28000-7f0c0df29000 r--p 00003000 08:02 48635628                   /usr/lib/x86_64-linux-gnu/libdl-2.29.so
7f0c0df29000-7f0c0df2a000 rw-p 00004000 08:02 48635628                   /usr/lib/x86_64-linux-gnu/libdl-2.29.so
7f0c0df2a000-7f0c0df41000 r-xp 00000000 08:02 20185090                   /ambiente/ferramentas/java/jdk1.8.0_191/lib/amd64/jli/libjli.so
7f0c0df41000-7f0c0e140000 ---p 00017000 08:02 20185090                   /ambiente/ferramentas/java/jdk1.8.0_191/lib/amd64/jli/libjli.so
7f0c0e140000-7f0c0e141000 r--p 00016000 08:02 20185090                   /ambiente/ferramentas/java/jdk1.8.0_191/lib/amd64/jli/libjli.so
7f0c0e141000-7f0c0e142000 rw-p 00017000 08:02 20185090                   /ambiente/ferramentas/java/jdk1.8.0_191/lib/amd64/jli/libjli.so
7f0c0e142000-7f0c0e149000 r--p 00000000 08:02 48636380                   /usr/lib/x86_64-linux-gnu/libpthread-2.29.so
7f0c0e149000-7f0c0e158000 r-xp 00007000 08:02 48636380                   /usr/lib/x86_64-linux-gnu/libpthread-2.29.so
7f0c0e158000-7f0c0e15d000 r--p 00016000 08:02 48636380                   /usr/lib/x86_64-linux-gnu/libpthread-2.29.so
7f0c0e15d000-7f0c0e15e000 r--p 0001a000 08:02 48636380                   /usr/lib/x86_64-linux-gnu/libpthread-2.29.so
7f0c0e15e000-7f0c0e15f000 rw-p 0001b000 08:02 48636380                   /usr/lib/x86_64-linux-gnu/libpthread-2.29.so
7f0c0e15f000-7f0c0e163000 rw-p 00000000 00:00 0 
7f0c0e163000-7f0c0e164000 r--s 00001000 08:02 34080290                   /home/kleiton/.m2/repository/org/springframework/boot/spring-boot-starter-json/2.4.0/spring-boot-starter-json-2.4.0.jar
7f0c0e164000-7f0c0e165000 r--s 00001000 08:02 34080273                   /home/kleiton/.m2/repository/org/springframework/boot/spring-boot-starter-web/2.4.0/spring-boot-starter-web-2.4.0.jar
7f0c0e165000-7f0c0e166000 r--s 00001000 08:02 27789494                   /home/kleiton/.m2/repository/org/springframework/boot/spring-boot-starter-websocket/2.4.0/spring-boot-starter-websocket-2.4.0.jar
7f0c0e166000-7f0c0e169000 r--p 00000000 08:02 48636238                   /usr/lib/x86_64-linux-gnu/libnss_files-2.29.so
7f0c0e169000-7f0c0e170000 r-xp 00003000 08:02 48636238                   /usr/lib/x86_64-linux-gnu/libnss_files-2.29.so
7f0c0e170000-7f0c0e172000 r--p 0000a000 08:02 48636238                   /usr/lib/x86_64-linux-gnu/libnss_files-2.29.so
7f0c0e172000-7f0c0e173000 r--p 0000b000 08:02 48636238                   /usr/lib/x86_64-linux-gnu/libnss_files-2.29.so
7f0c0e173000-7f0c0e174000 rw-p 0000c000 08:02 48636238                   /usr/lib/x86_64-linux-gnu/libnss_files-2.29.so
7f0c0e174000-7f0c0e17b000 rw-p 00000000 00:00 0 
7f0c0e17b000-7f0c0e17c000 ---p 00000000 00:00 0 
7f0c0e17c000-7f0c0e17e000 rw-p 00000000 00:00 0 
7f0c0e17e000-7f0c0e17f000 r--p 00000000 08:02 48635271                   /usr/lib/x86_64-linux-gnu/ld-2.29.so
7f0c0e17f000-7f0c0e1a0000 r-xp 00001000 08:02 48635271                   /usr/lib/x86_64-linux-gnu/ld-2.29.so
7f0c0e1a0000-7f0c0e1a8000 r--p 00022000 08:02 48635271                   /usr/lib/x86_64-linux-gnu/ld-2.29.so
7f0c0e1a8000-7f0c0e1a9000 r--p 00029000 08:02 48635271                   /usr/lib/x86_64-linux-gnu/ld-2.29.so
7f0c0e1a9000-7f0c0e1aa000 rw-p 0002a000 08:02 48635271                   /usr/lib/x86_64-linux-gnu/ld-2.29.so
7f0c0e1aa000-7f0c0e1ab000 rw-p 00000000 00:00 0 
7ffcf5a0c000-7ffcf5a2f000 rw-p 00000000 00:00 0                          [stack]
7ffcf5a6d000-7ffcf5a70000 r--p 00000000 00:00 0                          [vvar]
7ffcf5a70000-7ffcf5a71000 r-xp 00000000 00:00 0                          [vdso]
ffffffffff600000-ffffffffff601000 r-xp 00000000 00:00 0                  [vsyscall]

VM Arguments:
jvm_args: -agentlib:jdwp=transport=dt_socket,suspend=y,address=localhost:38655 -Dcom.sun.management.jmxremote -Dcom.sun.management.jmxremote.port=45941 -Dcom.sun.management.jmxremote.authenticate=false -Dcom.sun.management.jmxremote.ssl=false -Djava.rmi.server.hostname=localhost -Dspring.jmx.enabled=true -Dspring.application.admin.enabled=true -Djava.security.egd=file:/dev/./urandom -Xverify:none -XX:TieredStopAtLevel=1 -Dspring.boot.project.name=ilawgestaov3 -javaagent:/ambiente/ferramentas/STS/spring-tool-suite-4-4.6.2.RELEASE-e4.15.0-linux.gtk.x86_64/sts-4.6.2.RELEASE/configuration/org.eclipse.osgi/239/0/.cp/lib/javaagent-shaded.jar -Dfile.encoding=UTF-8 
java_command: com.br.ilawgestao.Ilawgestaov3Application --spring.output.ansi.enabled=always
java_class_path (initial): /ambiente/New WorkSpace/workspace/ilawgestaov3/target/classes:/home/kleiton/.m2/repository/org/springframework/boot/spring-boot-starter-websocket/2.4.0/spring-boot-starter-websocket-2.4.0.jar:/home/kleiton/.m2/repository/org/springframework/boot/spring-boot-starter-web/2.4.0/spring-boot-starter-web-2.4.0.jar:/home/kleiton/.m2/repository/org/springframework/boot/spring-boot-starter-json/2.4.0/spring-boot-starter-json-2.4.0.jar:/home/kleiton/.m2/repository/com/fasterxml/jackson/core/jackson-databind/2.11.3/jackson-databind-2.11.3.jar:/home/kleiton/.m2/repository/com/fasterxml/jackson/core/jackson-annotations/2.11.3/jackson-annotations-2.11.3.jar:/home/kleiton/.m2/repository/com/fasterxml/jackson/core/jackson-core/2.11.3/jackson-core-2.11.3.jar:/home/kleiton/.m2/repository/com/fasterxml/jackson/datatype/jackson-datatype-jdk8/2.11.3/jackson-datatype-jdk8-2.11.3.jar:/home/kleiton/.m2/repository/com/fasterxml/jackson/datatype/jackson-datatype-jsr310/2.11.3/jackson-datatype-jsr310-2.11.3.jar:/home/kleiton/.m2/repository/com/fasterxml/jackson/module/jackson-module-parameter-names/2.11.3/jackson-module-parameter-names-2.11.3.jar:/home/kleiton/.m2/repository/org/springframework/boot/spring-boot-starter-tomcat/2.4.0/spring-boot-starter-tomcat-2.4.0.jar:/home/kleiton/.m2/repository/org/apache/tomcat/embed/tomcat-embed-core/9.0.39/tomcat-embed-core-9.0.39.jar:/home/kleiton/.m2/repository/org/glassfish/jakarta.el/3.0.3/jakarta.el-3.0.3.jar:/home/kleiton/.m2/repository/org/apache/tomcat/embed/tomcat-embed-websocket/9.0.39/tomcat-embed-websocket-9.0.39.jar:/home/kleiton/.m2/repository/org/springframework/spring-web/5.3.1/spring-web-5.3.1.jar:/home/kleiton/.m2/repository/org/springframework/spring-webmvc/5.3.1/spring-webmvc-5.3.1.jar:/home/kleiton/.m2/repository/org/springframework/spring-expression/5.3.1/spring-expression-5.3.1.jar:/home/kleiton/.m2/repository/org/springframework/spring-messaging/5.3.1/spring-messaging-5.3.1.jar:/home/kleiton/.m2/reposi
Launcher Type: SUN_STANDARD

Environment Variables:
PATH=/home/kleiton/.nvm/versions/node/v12.19.0/bin:/usr/local/sbin:/usr/local/bin:/usr/sbin:/usr/bin:/sbin:/bin:/usr/games:/usr/local/games:/snap/bin
USERNAME=kleiton
SHELL=/bin/bash
DISPLAY=:0

Signal Handlers:
SIGSEGV: [libjvm.so+0xaced60], sa_mask[0]=11111111011111111101111111111110, sa_flags=SA_RESTART|SA_SIGINFO
SIGBUS: [libjvm.so+0xaced60], sa_mask[0]=11111111011111111101111111111110, sa_flags=SA_RESTART|SA_SIGINFO
SIGFPE: [libjvm.so+0x907ca0], sa_mask[0]=11111111011111111101111111111110, sa_flags=SA_RESTART|SA_SIGINFO
SIGPIPE: [libjvm.so+0x907ca0], sa_mask[0]=11111111011111111101111111111110, sa_flags=SA_RESTART|SA_SIGINFO
SIGXFSZ: [libjvm.so+0x907ca0], sa_mask[0]=11111111011111111101111111111110, sa_flags=SA_RESTART|SA_SIGINFO
SIGILL: [libjvm.so+0x907ca0], sa_mask[0]=11111111011111111101111111111110, sa_flags=SA_RESTART|SA_SIGINFO
SIGUSR1: SIG_DFL, sa_mask[0]=00000000000000000000000000000000, sa_flags=none
SIGUSR2: [libjvm.so+0x907b70], sa_mask[0]=00100000000000000000000000000000, sa_flags=SA_RESTART|SA_SIGINFO
SIGHUP: [libjvm.so+0x908190], sa_mask[0]=11111111011111111101111111111110, sa_flags=SA_RESTART|SA_SIGINFO
SIGINT: [libjvm.so+0x908190], sa_mask[0]=11111111011111111101111111111110, sa_flags=SA_RESTART|SA_SIGINFO
SIGTERM: [libjvm.so+0x908190], sa_mask[0]=11111111011111111101111111111110, sa_flags=SA_RESTART|SA_SIGINFO
SIGQUIT: [libjvm.so+0x908190], sa_mask[0]=11111111011111111101111111111110, sa_flags=SA_RESTART|SA_SIGINFO


---------------  S Y S T E M  ---------------

OS:DISTRIB_ID=Ubuntu
DISTRIB_RELEASE=19.04
DISTRIB_CODENAME=disco
DISTRIB_DESCRIPTION="Ubuntu 19.04"

uname:Linux 5.0.0-38-generic #41-Ubuntu SMP Tue Dec 3 00:27:35 UTC 2019 x86_64
libc:glibc 2.29 NPTL 2.29 
rlimit: STACK 8192k, CORE 0k, NPROC 31219, NOFILE 524288, AS infinity
load average:1,51 1,20 1,25

/proc/meminfo:
MemTotal:        8041476 kB
MemFree:          526216 kB
MemAvailable:    1178536 kB
Buffers:           98920 kB
Cached:          1368684 kB
SwapCached:        19200 kB
Active:          5282060 kB
Inactive:        1639540 kB
Active(anon):    4812704 kB
Inactive(anon):  1177544 kB
Active(file):     469356 kB
Inactive(file):   461996 kB
Unevictable:      139976 kB
Mlocked:             160 kB
SwapTotal:       2097148 kB
SwapFree:         821500 kB
Dirty:               148 kB
Writeback:            40 kB
AnonPages:       5580856 kB
Mapped:           472992 kB
Shmem:            541948 kB
KReclaimable:     113516 kB
Slab:             266812 kB
SReclaimable:     113516 kB
SUnreclaim:       153296 kB
KernelStack:       22288 kB
PageTables:        67460 kB
NFS_Unstable:          0 kB
Bounce:                0 kB
WritebackTmp:          0 kB
CommitLimit:     6117884 kB
Committed_AS:   19611268 kB
VmallocTotal:   34359738367 kB
VmallocUsed:           0 kB
VmallocChunk:          0 kB
Percpu:             2624 kB
HardwareCorrupted:     0 kB
AnonHugePages:         0 kB
ShmemHugePages:        0 kB
ShmemPmdMapped:        0 kB
CmaTotal:              0 kB
CmaFree:               0 kB
HugePages_Total:       0
HugePages_Free:        0
HugePages_Rsvd:        0
HugePages_Surp:        0
Hugepagesize:       2048 kB
Hugetlb:               0 kB
DirectMap4k:      394384 kB
DirectMap2M:     7870464 kB
DirectMap1G:           0 kB

container (cgroup) information:
container_type: cgroupv1
cpu_cpuset_cpus: 0-3
cpu_memory_nodes: 0
active_processor_count: 4
cpu_quota: -1
cpu_period: 100000
cpu_shares: -1
memory_limit_in_bytes: -1
memory_and_swap_limit_in_bytes: -2
memory_soft_limit_in_bytes: -1
memory_usage_in_bytes: 4378742784
memory_max_usage_in_bytes: 4739174400


CPU:total 4 (initial active 4) (2 cores per cpu, 2 threads per core) family 6 model 142 stepping 9, cmov, cx8, fxsr, mmx, sse, sse2, sse3, ssse3, sse4.1, sse4.2, popcnt, avx, avx2, aes, clmul, erms, 3dnowpref, lzcnt, ht, tsc, tscinvbit, bmi1, bmi2, adx

/proc/cpuinfo:
processor	: 0
vendor_id	: GenuineIntel
cpu family	: 6
model		: 142
model name	: Intel(R) Core(TM) i7-7500U CPU @ 2.70GHz
stepping	: 9
microcode	: 0xca
cpu MHz		: 3497.689
cache size	: 4096 KB
physical id	: 0
siblings	: 4
core id		: 0
cpu cores	: 2
apicid		: 0
initial apicid	: 0
fpu		: yes
fpu_exception	: yes
cpuid level	: 22
wp		: yes
flags		: fpu vme de pse tsc msr pae mce cx8 apic sep mtrr pge mca cmov pat pse36 clflush dts acpi mmx fxsr sse sse2 ss ht tm pbe syscall nx pdpe1gb rdtscp lm constant_tsc art arch_perfmon pebs bts rep_good nopl xtopology nonstop_tsc cpuid aperfmperf tsc_known_freq pni pclmulqdq dtes64 monitor ds_cpl vmx est tm2 ssse3 sdbg fma cx16 xtpr pdcm pcid sse4_1 sse4_2 x2apic movbe popcnt tsc_deadline_timer aes xsave avx f16c rdrand lahf_lm abm 3dnowprefetch cpuid_fault epb invpcid_single pti ssbd ibrs ibpb stibp tpr_shadow vnmi flexpriority ept vpid ept_ad fsgsbase tsc_adjust bmi1 avx2 smep bmi2 erms invpcid mpx rdseed adx smap clflushopt intel_pt xsaveopt xsavec xgetbv1 xsaves dtherm ida arat pln pts hwp hwp_notify hwp_act_window hwp_epp md_clear flush_l1d
bugs		: cpu_meltdown spectre_v1 spectre_v2 spec_store_bypass l1tf mds swapgs itlb_multihit
bogomips	: 5808.00
clflush size	: 64
cache_alignment	: 64
address sizes	: 39 bits physical, 48 bits virtual
power management:

processor	: 1
vendor_id	: GenuineIntel
cpu family	: 6
model		: 142
model name	: Intel(R) Core(TM) i7-7500U CPU @ 2.70GHz
stepping	: 9
microcode	: 0xca
cpu MHz		: 3429.618
cache size	: 4096 KB
physical id	: 0
siblings	: 4
core id		: 1
cpu cores	: 2
apicid		: 2
initial apicid	: 2
fpu		: yes
fpu_exception	: yes
cpuid level	: 22
wp		: yes
flags		: fpu vme de pse tsc msr pae mce cx8 apic sep mtrr pge mca cmov pat pse36 clflush dts acpi mmx fxsr sse sse2 ss ht tm pbe syscall nx pdpe1gb rdtscp lm constant_tsc art arch_perfmon pebs bts rep_good nopl xtopology nonstop_tsc cpuid aperfmperf tsc_known_freq pni pclmulqdq dtes64 monitor ds_cpl vmx est tm2 ssse3 sdbg fma cx16 xtpr pdcm pcid sse4_1 sse4_2 x2apic movbe popcnt tsc_deadline_timer aes xsave avx f16c rdrand lahf_lm abm 3dnowprefetch cpuid_fault epb invpcid_single pti ssbd ibrs ibpb stibp tpr_shadow vnmi flexpriority ept vpid ept_ad fsgsbase tsc_adjust bmi1 avx2 smep bmi2 erms invpcid mpx rdseed adx smap clflushopt intel_pt xsaveopt xsavec xgetbv1 xsaves dtherm ida arat pln pts hwp hwp_notify hwp_act_window hwp_epp md_clear flush_l1d
bugs		: cpu_meltdown spectre_v1 spectre_v2 spec_store_bypass l1tf mds swapgs itlb_multihit
bogomips	: 5808.00
clflush size	: 64
cache_alignment	: 64
address sizes	: 39 bits physical, 48 bits virtual
power management:

processor	: 2
vendor_id	: GenuineIntel
cpu family	: 6
model		: 142
model name	: Intel(R) Core(TM) i7-7500U CPU @ 2.70GHz
stepping	: 9
microcode	: 0xca
cpu MHz		: 3499.272
cache size	: 4096 KB
physical id	: 0
siblings	: 4
core id		: 0
cpu cores	: 2
apicid		: 1
initial apicid	: 1
fpu		: yes
fpu_exception	: yes
cpuid level	: 22
wp		: yes
flags		: fpu vme de pse tsc msr pae mce cx8 apic sep mtrr pge mca cmov pat pse36 clflush dts acpi mmx fxsr sse sse2 ss ht tm pbe syscall nx pdpe1gb rdtscp lm constant_tsc art arch_perfmon pebs bts rep_good nopl xtopology nonstop_tsc cpuid aperfmperf tsc_known_freq pni pclmulqdq dtes64 monitor ds_cpl vmx est tm2 ssse3 sdbg fma cx16 xtpr pdcm pcid sse4_1 sse4_2 x2apic movbe popcnt tsc_deadline_timer aes xsave avx f16c rdrand lahf_lm abm 3dnowprefetch cpuid_fault epb invpcid_single pti ssbd ibrs ibpb stibp tpr_shadow vnmi flexpriority ept vpid ept_ad fsgsbase tsc_adjust bmi1 avx2 smep bmi2 erms invpcid mpx rdseed adx smap clflushopt intel_pt xsaveopt xsavec xgetbv1 xsaves dtherm ida arat pln pts hwp hwp_notify hwp_act_window hwp_epp md_clear flush_l1d
bugs		: cpu_meltdown spectre_v1 spectre_v2 spec_store_bypass l1tf mds swapgs itlb_multihit
bogomips	: 5808.00
clflush size	: 64
cache_alignment	: 64
address sizes	: 39 bits physical, 48 bits virtual
power management:

processor	: 3
vendor_id	: GenuineIntel
cpu family	: 6
model		: 142
model name	: Intel(R) Core(TM) i7-7500U CPU @ 2.70GHz
stepping	: 9
microcode	: 0xca
cpu MHz		: 3453.285
cache size	: 4096 KB
physical id	: 0
siblings	: 4
core id		: 1
cpu cores	: 2
apicid		: 3
initial apicid	: 3
fpu		: yes
fpu_exception	: yes
cpuid level	: 22
wp		: yes
flags		: fpu vme de pse tsc msr pae mce cx8 apic sep mtrr pge mca cmov pat pse36 clflush dts acpi mmx fxsr sse sse2 ss ht tm pbe syscall nx pdpe1gb rdtscp lm constant_tsc art arch_perfmon pebs bts rep_good nopl xtopology nonstop_tsc cpuid aperfmperf tsc_known_freq pni pclmulqdq dtes64 monitor ds_cpl vmx est tm2 ssse3 sdbg fma cx16 xtpr pdcm pcid sse4_1 sse4_2 x2apic movbe popcnt tsc_deadline_timer aes xsave avx f16c rdrand lahf_lm abm 3dnowprefetch cpuid_fault epb invpcid_single pti ssbd ibrs ibpb stibp tpr_shadow vnmi flexpriority ept vpid ept_ad fsgsbase tsc_adjust bmi1 avx2 smep bmi2 erms invpcid mpx rdseed adx smap clflushopt intel_pt xsaveopt xsavec xgetbv1 xsaves dtherm ida arat pln pts hwp hwp_notify hwp_act_window hwp_epp md_clear flush_l1d
bugs		: cpu_meltdown spectre_v1 spectre_v2 spec_store_bypass l1tf mds swapgs itlb_multihit
bogomips	: 5808.00
clflush size	: 64
cache_alignment	: 64
address sizes	: 39 bits physical, 48 bits virtual
power management:



Memory: 4k page, physical 8041476k(526216k free), swap 2097148k(821500k free)

vm_info: Java HotSpot(TM) 64-Bit Server VM (25.191-b12) for linux-amd64 JRE (1.8.0_191-b12), built on Oct  6 2018 05:43:09 by "java_re" with gcc 7.3.0

time: Sun Mar 27 04:19:28 2022
elapsed time: 519 seconds (0d 0h 8m 39s)

